INFO:DUKASCRIPT:current timestamp :2022-02-01T18:45:00
INFO:DUKASCRIPT:current timestamp :2025-05-07T22:45:00
INFO:DUKASCRIPT:current timestamp :2025-06-09T04:30:00
INFO:DUKASCRIPT:current timestamp :2022-05-23T18:15:00
INFO:DUKASCRIPT:current timestamp :2025-05-07T18:45:00
INFO:DUKASCRIPT:current timestamp :2025-07-09T08:45:00
INFO:DUKASCRIPT:current timestamp :2025-08-08T13:45:00
INFO:DUKASCRIPT:current timestamp :2025-06-06T15:00:00
INFO:DUKASCRIPT:current timestamp :2025-05-09T22:30:00
INFO:DUKASCRIPT:current timestamp :2025-05-07T19:00:00
INFO:DUKASCRIPT:current timestamp :2025-06-13T08:15:00
INFO:DUKASCRIPT:current timestamp :2025-09-10T08:00:00
INFO:DUKASCRIPT:current timestamp :2025-06-06T16:00:00
INFO:DUKASCRIPT:current timestamp :2025-07-17T16:00:00
INFO:DUKASCRIPT:current timestamp :2025-10-10T23:15:00
INFO:DUKASCRIPT:current timestamp :2025-07-08T15:15:00
INFO:DUKASCRIPT:current timestamp :2022-09-13T17:30:00
INFO:DUKASCRIPT:current timestamp :2025-07-08T16:30:00
INFO:DUKASCRIPT:current timestamp :2025-11-12T05:45:00
INFO:DUKASCRIPT:current timestamp :2025-08-07T09:00:00
INFO:DUKASCRIPT:current timestamp :2023-01-03T21:00:00
INFO:DUKASCRIPT:current timestamp :2023-04-25T20:15:00
INFO:DUKASCRIPT:current timestamp :2025-08-20T20:30:00
INFO:DUKASCRIPT:current timestamp :2025-12-15T17:00:00
INFO:DUKASCRIPT:current timestamp :2025-09-08T05:15:00
INFO:DUKASCRIPT:current timestamp :2025-09-24T20:00:00
INFO:DUKASCRIPT:current timestamp :2023-08-15T22:30:00
INFO:DUKASCRIPT:current timestamp :2025-10-07T22:00:00
INFO:DUKASCRIPT:current timestamp :2026-01-19T03:15:00
INFO:DUKASCRIPT:current timestamp :2023-12-05T19:30:00
INFO:DUKASCRIPT:current timestamp :2026-02-18T06:30:00
INFO:DUKASCRIPT:current timestamp :2025-08-07T10:30:00
INFO:DUKASCRIPT:current timestamp :2025-11-06T15:45:00
INFO:DUKASCRIPT:current timestamp :2026-03-20T00:45:00
INFO:DUKASCRIPT:current timestamp :2024-03-27T17:45:00
INFO:DUKASCRIPT:current timestamp :2025-09-08T07:45:00
INFO:DUKASCRIPT:current timestamp :2025-10-29T05:30:00
INFO:DUKASCRIPT:current timestamp :2025-12-08T15:00:00
INFO:DUKASCRIPT:current timestamp :2025-12-03T04:15:00
INFO:DUKASCRIPT:current timestamp :2026-04-21T18:45:00
INFO:DUKASCRIPT:current timestamp :2024-07-18T22:00:00
INFO:DUKASCRIPT:current timestamp :2026-05-21T13:00:00
INFO:DUKASCRIPT:current timestamp :2026-01-09T12:00:00
INFO:DUKASCRIPT:current timestamp :2026-01-09T04:30:00
INFO:DUKASCRIPT:current timestamp :2024-11-05T21:15:00
INFO:DUKASCRIPT:current timestamp :2026-06-22T15:15:00
INFO:DUKASCRIPT:current timestamp :2026-02-10T08:15:00
INFO:DUKASCRIPT:current timestamp :2026-03-12T03:45:00
INFO:DUKASCRIPT:current timestamp :2026-02-12T05:15:00
INFO:DUKASCRIPT:current timestamp :2025-10-08T01:30:00
INFO:DUKASCRIPT:current timestamp :2025-03-03T22:15:00
INFO:DUKASCRIPT:current timestamp :2026-07-22T15:00:00
INFO:DUKASCRIPT:current timestamp :2026-04-13T21:30:00
INFO:DUKASCRIPT:current timestamp :2026-03-18T02:30:00
INFO:DUKASCRIPT:current timestamp :2026-05-13T15:15:00
INFO:DUKASCRIPT:current timestamp :2025-11-06T22:15:00
INFO:DUKASCRIPT:current timestamp :2026-08-07T13:30:00
INFO:DUKASCRIPT:current timestamp :2025-06-23T21:45:00
INFO:DUKASCRIPT:current timestamp :2026-04-21T20:30:00
INFO:DUKASCRIPT:current timestamp :2025-12-08T23:00:00
INFO:DUKASCRIPT:current timestamp :2026-06-12T11:30:00
INFO:DUKASCRIPT:current timestamp :2025-10-13T17:30:00
INFO:DUKASCRIPT:current timestamp :2026-01-09T21:45:00
INFO:DUKASCRIPT:current timestamp :2026-05-25T16:30:00
INFO:DUKASCRIPT:current timestamp :2026-07-14T13:15:00
INFO:DUKASCRIPT:current timestamp :2026-08-07T12:00:00
INFO:DUKASCRIPT:current timestamp :2026-06-26T21:45:00
INFO:DUKASCRIPT:current timestamp :2026-08-07T13:30:00
INFO:DUKASCRIPT:current timestamp :2026-02-03T22:45:00
INFO:DUKASCRIPT:current timestamp :2026-02-10T20:15:00
INFO:DUKASCRIPT:current timestamp :2026-07-30T21:30:00
INFO:DUKASCRIPT:current timestamp :2026-08-07T12:00:00
INFO:DUKASCRIPT:current timestamp :2026-05-27T16:30:00
INFO:DUKASCRIPT:current timestamp :2026-03-12T18:45:00
INFO:DUKASCRIPT:current timestamp :2026-08-07T13:30:00
INFO:DUKASCRIPT:current timestamp :2026-08-07T07:00:00
INFO:DUKASCRIPT:current timestamp :2026-08-06T22:45:00
INFO:DUKASCRIPT:current timestamp :2026-04-14T17:45:00
INFO:DUKASCRIPT:current timestamp :2026-08-07T07:00:00
INFO:DUKASCRIPT:current timestamp :2026-08-06T03:00:00
INFO:DUKASCRIPT:current timestamp :2026-08-07T12:00:00
INFO:DUKASCRIPT:current timestamp :2026-08-07T07:00:00
INFO:DUKASCRIPT:current timestamp :2026-08-06T03:00:00
INFO:DUKASCRIPT:current timestamp :2026-05-14T11:30:00
INFO:DUKASCRIPT:current timestamp :2026-06-15T07:45:00
INFO:DUKASCRIPT:current timestamp :2026-07-15T10:30:00
INFO:DUKASCRIPT:current timestamp :2026-08-07T13:30:00
INFO:DUKASCRIPT:current timestamp :2026-08-06T03:00:00
INFO:DUKASCRIPT:current timestamp :2026-08-06T22:00:00
INFO:DUKASCRIPT:current timestamp :2026-08-07T12:00:00
INFO:DUKASCRIPT:current timestamp :2026-08-07T13:00:00
INFO:DUKASCRIPT:current timestamp :2026-08-07T07:00:00
INFO:DUKASCRIPT:current timestamp :2026-08-06T03:00:00
INFO:DUKASCRIPT:current timestamp :2026-08-06T19:00:00
INFO:DUKASCRIPT:current timestamp :2026-08-06T03:00:00
Fast backtest: 16 symbols, 26000 candles, TP window 192
workers=6, stride=1, prefilter=on, cache=ttl

  MSFTUSDT      tr=124  TP1=81  TP2=10  SL=31  EXP=2   netR= +69.70 bars=25758 heavy=1600      299 bars/s
  METAUSDT      tr=120  TP1=85  TP2=8   SL=25  EXP=2   netR= +84.70 bars=25758 heavy=2111      243 bars/s
  NVDAUSDT      tr=97   TP1=65  TP2=7   SL=25  EXP=0   netR= +70.38 bars=25758 heavy=2182      240 bars/s
  AMZNUSDT      tr=135  TP1=89  TP2=9   SL=35  EXP=2   netR= +71.53 bars=25758 heavy=2216      231 bars/s
  AAPLUSDT      tr=166  TP1=109 TP2=14  SL=40  EXP=3   netR=+100.26 bars=25758 heavy=2160      222 bars/s
  GOOGLUSDT     tr=168  TP1=102 TP2=16  SL=35  EXP=15  netR=+103.66 bars=25758 heavy=2475      199 bars/s
  TSLAUSDT      tr=80   TP1=44  TP2=15  SL=21  EXP=0   netR= +55.68 bars=25758 heavy=1878      293 bars/s
  MRVLUSDT      tr=94   TP1=65  TP2=5   SL=24  EXP=0   netR= +55.50 bars=25758 heavy=2488      252 bars/s
  MUUSDT        tr=101  TP1=63  TP2=7   SL=31  EXP=0   netR= +67.85 bars=25758 heavy=2378      261 bars/s
  INTCUSDT      tr=118  TP1=78  TP2=9   SL=30  EXP=1   netR= +91.90 bars=25758 heavy=2862      231 bars/s
  SPYUSDT       tr=181  TP1=116 TP2=12  SL=41  EXP=12  netR= +56.33 bars=25758 heavy=2209      280 bars/s
  BZUSDT        tr=63   TP1=46  TP2=2   SL=15  EXP=0   netR= +36.07 bars=25758 heavy=766        80 bars/s
  XAUUSDT       tr=92   TP1=77  TP2=1   SL=14  EXP=0   netR= +50.64 bars=25758 heavy=949        65 bars/s
  CLUSDT        tr=65   TP1=51  TP2=2   SL=12  EXP=0   netR= +43.44 bars=25758 heavy=805        50 bars/s
  XAGUSDT       tr=65   TP1=42  TP2=3   SL=20  EXP=0   netR= +28.14 bars=25758 heavy=954        32 bars/s
  QQQUSDT       tr=7    TP1=5   TP2=0   SL=2   EXP=0   netR=  +4.28 bars=25758 heavy=1875       27 bars/s

========================================================================
BACKTEST RESULTS
========================================================================
Symbols:       16 (0 errors)
Bars scanned:  412128 (380 bars/s wall-clock)
US session gate: 74147 bars skipped
Heavy scans:   29908  skipped by prefilter: 308073
Trades:        1676
  TP1 hit:     1118
  TP2 hit:     120
  SL hit:      401
  Expired:     37
Win rate:      73.9%
Gross R:       +1343.52R total (+0.802R/trade)
Net R est.:    +990.08R total (+0.591R/trade)
Max DD gross:  -7.16R
Max DD net:    -9.66R
Elapsed:       1085.91s wall-clock
Trades CSV:    bt_final_tp10.csv
