===== SOURCE=OKX (the live feed), 12000 bars = ~124d =====
Symbols:       16 (0 errors)
Trades:        211
  TP1 hit:     143
  TP2 hit:     17
  SL hit:      51
  Expired:     0
Win rate:      75.8%
Net R est.:    +126.47R total (+0.599R/trade)
Max DD net:    -5.27R
===== SOURCE=DUKA, 2200 bars = same ~124d =====
Symbols:       16 (0 errors)
Trades:        108
  TP1 hit:     70
  TP2 hit:     9
  SL hit:      27
  Expired:     2
Win rate:      73.1%
Net R est.:    +77.49R total (+0.717R/trade)
Max DD net:    -4.33R
